  Compiling CUDA source file kernel.cu...
  
  C:\Users\stijn\Documents\school\2024-2025\masterproef\final_project\GUESP\GUESP_GLOBAL>"C:\Program Files\NVIDIA GPU Computing Toolkit\CUDA\v12.3\bin\nvcc.exe" -gencode=arch=compute_52,code=\"sm_52,compute_52\" --use-local-env -ccbin "C:\Program Files (x86)\Microsoft Visual Studio\2019\Community\VC\Tools\MSVC\14.28.29333\bin\HostX86\x64" -x cu   -I"C:\Program Files\NVIDIA GPU Computing Toolkit\CUDA\v12.3\include" -I"C:\Program Files\NVIDIA GPU Computing Toolkit\CUDA\v12.3\include"  -G   --keep-dir x64\Debug  -maxrregcount=0   --machine 64 --compile -cudart static  -g  -DWIN32 -DWIN64 -D_DEBUG -D_CONSOLE -D_MBCS -Xcompiler "/EHsc /W3 /nologo /Od /FS /Zi /RTC1 /MDd " -Xcompiler "/Fdx64\Debug\vc142.pdb" -o C:\Users\stijn\Documents\school\2024-2025\masterproef\final_project\GUESP\GUESP_GLOBAL\x64\Debug\kernel.cu.obj "C:\Users\stijn\Documents\school\2024-2025\masterproef\final_project\GUESP\GUESP_GLOBAL\kernel.cu" 
  kernel.cu
  tmpxft_00001eb0_00000000-7_kernel.cudafe1.cpp
C:\Users\stijn\Documents\school\2024-2025\masterproef\final_project\GUESP\GUESP_GLOBAL\kernel.cu(622): warning C4477: 'printf' : format string '%d' requires an argument of type 'int', but variadic argument 2 has type 'unsigned __int64'
  C:\Users\stijn\Documents\school\2024-2025\masterproef\final_project\GUESP\GUESP_GLOBAL\kernel.cu(622): note: consider using '%zd' in the format string
C:\Users\stijn\Documents\school\2024-2025\masterproef\final_project\GUESP\GUESP_GLOBAL\kernel.cu(625): warning C4267: '=': conversion from 'size_t' to '_Ty', possible loss of data
          with
          [
              _Ty=int
          ]
C:\Users\stijn\Documents\school\2024-2025\masterproef\final_project\GUESP\GUESP_GLOBAL\kernel.cu(628): warning C4267: '=': conversion from 'size_t' to '_Ty', possible loss of data
          with
          [
              _Ty=int
          ]
C:\Users\stijn\Documents\school\2024-2025\masterproef\final_project\GUESP\GUESP_GLOBAL\kernel.cu(657): warning C4244: 'initializing': conversion from 'double' to 'int', possible loss of data
C:\Users\stijn\Documents\school\2024-2025\masterproef\final_project\GUESP\GUESP_GLOBAL\kernel.cu(716): warning C4477: 'printf' : format string '%d' requires an argument of type 'int', but variadic argument 1 has type 'unsigned __int64'
  C:\Users\stijn\Documents\school\2024-2025\masterproef\final_project\GUESP\GUESP_GLOBAL\kernel.cu(716): note: consider using '%zd' in the format string
C:\Users\stijn\Documents\school\2024-2025\masterproef\final_project\GUESP\GUESP_GLOBAL\kernel.cu(716): warning C4477: 'printf' : format string '%d' requires an argument of type 'int', but variadic argument 2 has type 'unsigned __int64'
  C:\Users\stijn\Documents\school\2024-2025\masterproef\final_project\GUESP\GUESP_GLOBAL\kernel.cu(716): note: consider using '%zd' in the format string
C:\Users\stijn\Documents\school\2024-2025\masterproef\final_project\GUESP\GUESP_GLOBAL\kernel.cu(766): warning C4267: '=': conversion from 'size_t' to '_Ty', possible loss of data
          with
          [
              _Ty=int
          ]
C:\Users\stijn\Documents\school\2024-2025\masterproef\final_project\GUESP\GUESP_GLOBAL\kernel.cu(940): warning C4244: 'argument': conversion from 'double' to 'const int', possible loss of data
C:\Users\stijn\Documents\school\2024-2025\masterproef\final_project\GUESP\GUESP_GLOBAL\kernel.cu(953): warning C4244: 'argument': conversion from 'double' to 'int', possible loss of data
  GUESP_GLOBAL.vcxproj -> C:\Users\stijn\Documents\school\2024-2025\masterproef\final_project\GUESP\x64\Debug\GUESP_GLOBAL.exe
